
🧪 REPORTE DE TESTS - 2025-12-17 10:04:43
================================================================================

📊 RESUMEN GENERAL:
- Archivos de test ejecutados: 5
- Archivos exitosos: 1
- Archivos con fallos: 4
- Archivos con errores: 0

📋 DETALLE POR ARCHIVO:

✅ PASSED test_authentication.py
  - Tests pasados: 15
  - Tests fallidos: 0 
  - Tests con error: 0
  - Código de salida: 0

❌ FAILED test_leads.py
  - Tests pasados: 12
  - Tests fallidos: 6 
  - Tests con error: 0
  - Código de salida: 1

❌ FAILED test_appointments.py
  - Tests pasados: 1
  - Tests fallidos: 4 
  - Tests con error: 13
  - Código de salida: 1

❌ FAILED test_commercial_objectives.py
  - Tests pasados: 1
  - Tests fallidos: 6 
  - Tests con error: 8
  - Código de salida: 1

❌ FAILED test_patients.py
  - Tests pasados: 13
  - Tests fallidos: 1 
  - Tests con error: 0
  - Código de salida: 1


🎯 ANÁLISIS DE FUNCIONALIDADES:

🔐 AUTENTICACIÓN Y ROLES:
✅ PASSED
- Login/logout, permisos por rol, aislamiento multi-tenant

👥 GESTIÓN DE LEADS:
❌ FAILED
- CRUD, asignación, filtros, conversión a pacientes

📅 SISTEMA DE CITAS:
❌ FAILED
- Creación, actualización, disponibilidad, confirmaciones

🎯 OBJETIVOS COMERCIALES:
❌ FAILED
- Creación, seguimiento, estadísticas comerciales

🏥 GESTIÓN DE PACIENTES:
❌ FAILED
- Vista de pacientes, información limitada por rol

================================================================================

💡 RECOMENDACIONES:

⚠️  Hay archivos de test con fallos. Revisar:
   1. Endpoints faltantes en la API
   2. Permisos de roles incorrectos
   3. Validaciones de datos faltantes
